Archive member included to satisfy reference by file (symbol)

e:/program files (x86)/atmel/studio/7.0/toolchain/avr8/avr8-gnu-toolchain/bin/../lib/gcc/avr/5.4.0/avr5\libgcc.a(_exit.o)
                              E:/Program Files (x86)/Atmel/Studio/7.0/Packs/atmel/ATmega_DFP/1.7.374/gcc/dev/atmega32/avr5/crtatmega32.o (exit)
e:/program files (x86)/atmel/studio/7.0/toolchain/avr8/avr8-gnu-toolchain/bin/../lib/gcc/avr/5.4.0/avr5\libgcc.a(_copy_data.o)
                              DIO_Cfg.o (__do_copy_data)
e:/program files (x86)/atmel/studio/7.0/toolchain/avr8/avr8-gnu-toolchain/bin/../lib/gcc/avr/5.4.0/avr5\libgcc.a(_clear_bss.o)
                              EINT.o (__do_clear_bss)
e:/program files (x86)/atmel/studio/7.0/toolchain/avr8/avr8-gnu-toolchain/bin/../lib/gcc/avr/5.4.0/avr5\libgcc.a(_umulhisi3.o)
                              WaterHeater_Control.o (__umulhisi3)

Discarded input sections

 .data          0x00000000        0x0 E:/Program Files (x86)/Atmel/Studio/7.0/Packs/atmel/ATmega_DFP/1.7.374/gcc/dev/atmega32/avr5/crtatmega32.o
 .bss           0x00000000        0x0 E:/Program Files (x86)/Atmel/Studio/7.0/Packs/atmel/ATmega_DFP/1.7.374/gcc/dev/atmega32/avr5/crtatmega32.o
 .text          0x00000000        0x0 ADC.o
 .data          0x00000000        0x0 ADC.o
 .bss           0x00000000        0x0 ADC.o
 .text          0x00000000        0x0 Button.o
 .data          0x00000000        0x0 Button.o
 .bss           0x00000000        0x0 Button.o
 .text          0x00000000        0x0 Ceramic_Heater.o
 .data          0x00000000        0x0 Ceramic_Heater.o
 .bss           0x00000000        0x0 Ceramic_Heater.o
 .text          0x00000000        0x0 DIO.o
 .data          0x00000000        0x0 DIO.o
 .bss           0x00000000        0x0 DIO.o
 .text          0x00000000        0x0 DIO_Cfg.o
 .data          0x00000000        0x0 DIO_Cfg.o
 .bss           0x00000000        0x0 DIO_Cfg.o
 .text          0x00000000        0x0 EEPROM.o
 .data          0x00000000        0x0 EEPROM.o
 .bss           0x00000000        0x0 EEPROM.o
 .text          0x00000000        0x0 EINT.o
 .data          0x00000000        0x0 EINT.o
 .bss           0x00000000        0x0 EINT.o
 .text.Ext_INT_Disable
                0x00000000       0x22 EINT.o
 .text          0x00000000        0x0 GINT.o
 .data          0x00000000        0x0 GINT.o
 .bss           0x00000000        0x0 GINT.o
 .text.GINT_Disable_AllInterrupts
                0x00000000        0x8 GINT.o
 .text          0x00000000        0x0 LED.o
 .data          0x00000000        0x0 LED.o
 .bss           0x00000000        0x0 LED.o
 .text          0x00000000        0x0 LM35.o
 .data          0x00000000        0x0 LM35.o
 .bss           0x00000000        0x0 LM35.o
 .text          0x00000000        0x0 main.o
 .data          0x00000000        0x0 main.o
 .bss           0x00000000        0x0 main.o
 .text          0x00000000        0x0 Peltier.o
 .data          0x00000000        0x0 Peltier.o
 .bss           0x00000000        0x0 Peltier.o
 .text          0x00000000        0x0 Relay.o
 .data          0x00000000        0x0 Relay.o
 .bss           0x00000000        0x0 Relay.o
 .text          0x00000000        0x0 SSD.o
 .data          0x00000000        0x0 SSD.o
 .bss           0x00000000        0x0 SSD.o
 .text          0x00000000        0x0 StateMachine.o
 .data          0x00000000        0x0 StateMachine.o
 .bss           0x00000000        0x0 StateMachine.o
 .text          0x00000000        0x0 Timer.o
 .data          0x00000000        0x0 Timer.o
 .bss           0x00000000        0x0 Timer.o
 .text.Timer0_SetPreload
                0x00000000        0x4 Timer.o
 .text.Timer0_GetPreload
                0x00000000        0x4 Timer.o
 .text.Timer0_EnableInterrupt
                0x00000000        0x8 Timer.o
 .text.Timer0_DisableInterrupt
                0x00000000        0x8 Timer.o
 .text.Timer2_SetPreload
                0x00000000        0x4 Timer.o
 .text.Timer2_GetPreload
                0x00000000        0x4 Timer.o
 .text.Timer2_EnableInterrupt
                0x00000000        0x8 Timer.o
 .text.Timer2_DisableInterrupt
                0x00000000        0x8 Timer.o
 .text          0x00000000        0x0 WaterHeater_Control.o
 .data          0x00000000        0x0 WaterHeater_Control.o
 .bss           0x00000000        0x0 WaterHeater_Control.o
 .text          0x00000000        0x0 e:/program files (x86)/atmel/studio/7.0/toolchain/avr8/avr8-gnu-toolchain/bin/../lib/gcc/avr/5.4.0/avr5\libgcc.a(_exit.o)
 .data          0x00000000        0x0 e:/program files (x86)/atmel/studio/7.0/toolchain/avr8/avr8-gnu-toolchain/bin/../lib/gcc/avr/5.4.0/avr5\libgcc.a(_exit.o)
 .bss           0x00000000        0x0 e:/program files (x86)/atmel/studio/7.0/toolchain/avr8/avr8-gnu-toolchain/bin/../lib/gcc/avr/5.4.0/avr5\libgcc.a(_exit.o)
 .text.libgcc.mul
                0x00000000        0x0 e:/program files (x86)/atmel/studio/7.0/toolchain/avr8/avr8-gnu-toolchain/bin/../lib/gcc/avr/5.4.0/avr5\libgcc.a(_exit.o)
 .text.libgcc.div
                0x00000000        0x0 e:/program files (x86)/atmel/studio/7.0/toolchain/avr8/avr8-gnu-toolchain/bin/../lib/gcc/avr/5.4.0/avr5\libgcc.a(_exit.o)
 .text.libgcc   0x00000000        0x0 e:/program files (x86)/atmel/studio/7.0/toolchain/avr8/avr8-gnu-toolchain/bin/../lib/gcc/avr/5.4.0/avr5\libgcc.a(_exit.o)
 .text.libgcc.prologue
                0x00000000        0x0 e:/program files (x86)/atmel/studio/7.0/toolchain/avr8/avr8-gnu-toolchain/bin/../lib/gcc/avr/5.4.0/avr5\libgcc.a(_exit.o)
 .text.libgcc.builtins
                0x00000000        0x0 e:/program files (x86)/atmel/studio/7.0/toolchain/avr8/avr8-gnu-toolchain/bin/../lib/gcc/avr/5.4.0/avr5\libgcc.a(_exit.o)
 .text.libgcc.fmul
                0x00000000        0x0 e:/program files (x86)/atmel/studio/7.0/toolchain/avr8/avr8-gnu-toolchain/bin/../lib/gcc/avr/5.4.0/avr5\libgcc.a(_exit.o)
 .text.libgcc.fixed
                0x00000000        0x0 e:/program files (x86)/atmel/studio/7.0/toolchain/avr8/avr8-gnu-toolchain/bin/../lib/gcc/avr/5.4.0/avr5\libgcc.a(_exit.o)
 .text          0x00000000        0x0 e:/program files (x86)/atmel/studio/7.0/toolchain/avr8/avr8-gnu-toolchain/bin/../lib/gcc/avr/5.4.0/avr5\libgcc.a(_copy_data.o)
 .data          0x00000000        0x0 e:/program files (x86)/atmel/studio/7.0/toolchain/avr8/avr8-gnu-toolchain/bin/../lib/gcc/avr/5.4.0/avr5\libgcc.a(_copy_data.o)
 .bss           0x00000000        0x0 e:/program files (x86)/atmel/studio/7.0/toolchain/avr8/avr8-gnu-toolchain/bin/../lib/gcc/avr/5.4.0/avr5\libgcc.a(_copy_data.o)
 .text.libgcc.mul
                0x00000000        0x0 e:/program files (x86)/atmel/studio/7.0/toolchain/avr8/avr8-gnu-toolchain/bin/../lib/gcc/avr/5.4.0/avr5\libgcc.a(_copy_data.o)
 .text.libgcc.div
                0x00000000        0x0 e:/program files (x86)/atmel/studio/7.0/toolchain/avr8/avr8-gnu-toolchain/bin/../lib/gcc/avr/5.4.0/avr5\libgcc.a(_copy_data.o)
 .text.libgcc   0x00000000        0x0 e:/program files (x86)/atmel/studio/7.0/toolchain/avr8/avr8-gnu-toolchain/bin/../lib/gcc/avr/5.4.0/avr5\libgcc.a(_copy_data.o)
 .text.libgcc.prologue
                0x00000000        0x0 e:/program files (x86)/atmel/studio/7.0/toolchain/avr8/avr8-gnu-toolchain/bin/../lib/gcc/avr/5.4.0/avr5\libgcc.a(_copy_data.o)
 .text.libgcc.builtins
                0x00000000        0x0 e:/program files (x86)/atmel/studio/7.0/toolchain/avr8/avr8-gnu-toolchain/bin/../lib/gcc/avr/5.4.0/avr5\libgcc.a(_copy_data.o)
 .text.libgcc.fmul
                0x00000000        0x0 e:/program files (x86)/atmel/studio/7.0/toolchain/avr8/avr8-gnu-toolchain/bin/../lib/gcc/avr/5.4.0/avr5\libgcc.a(_copy_data.o)
 .text.libgcc.fixed
                0x00000000        0x0 e:/program files (x86)/atmel/studio/7.0/toolchain/avr8/avr8-gnu-toolchain/bin/../lib/gcc/avr/5.4.0/avr5\libgcc.a(_copy_data.o)
 .text          0x00000000        0x0 e:/program files (x86)/atmel/studio/7.0/toolchain/avr8/avr8-gnu-toolchain/bin/../lib/gcc/avr/5.4.0/avr5\libgcc.a(_clear_bss.o)
 .data          0x00000000        0x0 e:/program files (x86)/atmel/studio/7.0/toolchain/avr8/avr8-gnu-toolchain/bin/../lib/gcc/avr/5.4.0/avr5\libgcc.a(_clear_bss.o)
 .bss           0x00000000        0x0 e:/program files (x86)/atmel/studio/7.0/toolchain/avr8/avr8-gnu-toolchain/bin/../lib/gcc/avr/5.4.0/avr5\libgcc.a(_clear_bss.o)
 .text.libgcc.mul
                0x00000000        0x0 e:/program files (x86)/atmel/studio/7.0/toolchain/avr8/avr8-gnu-toolchain/bin/../lib/gcc/avr/5.4.0/avr5\libgcc.a(_clear_bss.o)
 .text.libgcc.div
                0x00000000        0x0 e:/program files (x86)/atmel/studio/7.0/toolchain/avr8/avr8-gnu-toolchain/bin/../lib/gcc/avr/5.4.0/avr5\libgcc.a(_clear_bss.o)
 .text.libgcc   0x00000000        0x0 e:/program files (x86)/atmel/studio/7.0/toolchain/avr8/avr8-gnu-toolchain/bin/../lib/gcc/avr/5.4.0/avr5\libgcc.a(_clear_bss.o)
 .text.libgcc.prologue
                0x00000000        0x0 e:/program files (x86)/atmel/studio/7.0/toolchain/avr8/avr8-gnu-toolchain/bin/../lib/gcc/avr/5.4.0/avr5\libgcc.a(_clear_bss.o)
 .text.libgcc.builtins
                0x00000000        0x0 e:/program files (x86)/atmel/studio/7.0/toolchain/avr8/avr8-gnu-toolchain/bin/../lib/gcc/avr/5.4.0/avr5\libgcc.a(_clear_bss.o)
 .text.libgcc.fmul
                0x00000000        0x0 e:/program files (x86)/atmel/studio/7.0/toolchain/avr8/avr8-gnu-toolchain/bin/../lib/gcc/avr/5.4.0/avr5\libgcc.a(_clear_bss.o)
 .text.libgcc.fixed
                0x00000000        0x0 e:/program files (x86)/atmel/studio/7.0/toolchain/avr8/avr8-gnu-toolchain/bin/../lib/gcc/avr/5.4.0/avr5\libgcc.a(_clear_bss.o)
 .text          0x00000000        0x0 e:/program files (x86)/atmel/studio/7.0/toolchain/avr8/avr8-gnu-toolchain/bin/../lib/gcc/avr/5.4.0/avr5\libgcc.a(_umulhisi3.o)
 .data          0x00000000        0x0 e:/program files (x86)/atmel/studio/7.0/toolchain/avr8/avr8-gnu-toolchain/bin/../lib/gcc/avr/5.4.0/avr5\libgcc.a(_umulhisi3.o)
 .bss           0x00000000        0x0 e:/program files (x86)/atmel/studio/7.0/toolchain/avr8/avr8-gnu-toolchain/bin/../lib/gcc/avr/5.4.0/avr5\libgcc.a(_umulhisi3.o)
 .text.libgcc.div
                0x00000000        0x0 e:/program files (x86)/atmel/studio/7.0/toolchain/avr8/avr8-gnu-toolchain/bin/../lib/gcc/avr/5.4.0/avr5\libgcc.a(_umulhisi3.o)
 .text.libgcc   0x00000000        0x0 e:/program files (x86)/atmel/studio/7.0/toolchain/avr8/avr8-gnu-toolchain/bin/../lib/gcc/avr/5.4.0/avr5\libgcc.a(_umulhisi3.o)
 .text.libgcc.prologue
                0x00000000        0x0 e:/program files (x86)/atmel/studio/7.0/toolchain/avr8/avr8-gnu-toolchain/bin/../lib/gcc/avr/5.4.0/avr5\libgcc.a(_umulhisi3.o)
 .text.libgcc.builtins
                0x00000000        0x0 e:/program files (x86)/atmel/studio/7.0/toolchain/avr8/avr8-gnu-toolchain/bin/../lib/gcc/avr/5.4.0/avr5\libgcc.a(_umulhisi3.o)
 .text.libgcc.fmul
                0x00000000        0x0 e:/program files (x86)/atmel/studio/7.0/toolchain/avr8/avr8-gnu-toolchain/bin/../lib/gcc/avr/5.4.0/avr5\libgcc.a(_umulhisi3.o)
 .text.libgcc.fixed
                0x00000000        0x0 e:/program files (x86)/atmel/studio/7.0/toolchain/avr8/avr8-gnu-toolchain/bin/../lib/gcc/avr/5.4.0/avr5\libgcc.a(_umulhisi3.o)

Memory Configuration

Name             Origin             Length             Attributes
text             0x00000000         0x00008000         xr
data             0x00800060         0x00000800         rw !x
eeprom           0x00810000         0x00000400         rw !x
fuse             0x00820000         0x00000002         rw !x
lock             0x00830000         0x00000400         rw !x
signature        0x00840000         0x00000400         rw !x
user_signatures  0x00850000         0x00000400         rw !x
*default*        0x00000000         0xffffffff

Linker script and memory map

LOAD E:/Program Files (x86)/Atmel/Studio/7.0/Packs/atmel/ATmega_DFP/1.7.374/gcc/dev/atmega32/avr5/crtatmega32.o
LOAD ADC.o
LOAD Button.o
LOAD Ceramic_Heater.o
LOAD DIO.o
LOAD DIO_Cfg.o
LOAD EEPROM.o
LOAD EINT.o
LOAD GINT.o
LOAD LED.o
LOAD LM35.o
LOAD main.o
LOAD Peltier.o
LOAD Relay.o
LOAD SSD.o
LOAD StateMachine.o
LOAD Timer.o
LOAD WaterHeater_Control.o
START GROUP
LOAD e:/program files (x86)/atmel/studio/7.0/toolchain/avr8/avr8-gnu-toolchain/bin/../lib/gcc/avr/5.4.0/../../../../avr/lib/avr5\libm.a
END GROUP
START GROUP
LOAD e:/program files (x86)/atmel/studio/7.0/toolchain/avr8/avr8-gnu-toolchain/bin/../lib/gcc/avr/5.4.0/avr5\libgcc.a
LOAD e:/program files (x86)/atmel/studio/7.0/toolchain/avr8/avr8-gnu-toolchain/bin/../lib/gcc/avr/5.4.0/../../../../avr/lib/avr5\libm.a
LOAD e:/program files (x86)/atmel/studio/7.0/toolchain/avr8/avr8-gnu-toolchain/bin/../lib/gcc/avr/5.4.0/../../../../avr/lib/avr5\libc.a
LOAD E:/Program Files (x86)/Atmel/Studio/7.0/Packs/atmel/ATmega_DFP/1.7.374/gcc/dev/atmega32/avr5\libatmega32.a
END GROUP
                0x00000000                __TEXT_REGION_ORIGIN__ = DEFINED (__TEXT_REGION_ORIGIN__)?__TEXT_REGION_ORIGIN__:0x0
                [0x00800060]                __DATA_REGION_ORIGIN__ = DEFINED (__DATA_REGION_ORIGIN__)?__DATA_REGION_ORIGIN__:0x800060
                [0x00008000]                __TEXT_REGION_LENGTH__ = DEFINED (__TEXT_REGION_LENGTH__)?__TEXT_REGION_LENGTH__:0x20000
                [0x00000800]                __DATA_REGION_LENGTH__ = DEFINED (__DATA_REGION_LENGTH__)?__DATA_REGION_LENGTH__:0xffa0
                [0x00000400]                __EEPROM_REGION_LENGTH__ = DEFINED (__EEPROM_REGION_LENGTH__)?__EEPROM_REGION_LENGTH__:0x10000
                [0x00000002]                __FUSE_REGION_LENGTH__ = DEFINED (__FUSE_REGION_LENGTH__)?__FUSE_REGION_LENGTH__:0x400
                0x00000400                __LOCK_REGION_LENGTH__ = DEFINED (__LOCK_REGION_LENGTH__)?__LOCK_REGION_LENGTH__:0x400
                0x00000400                __SIGNATURE_REGION_LENGTH__ = DEFINED (__SIGNATURE_REGION_LENGTH__)?__SIGNATURE_REGION_LENGTH__:0x400
                0x00000400                __USER_SIGNATURE_REGION_LENGTH__ = DEFINED (__USER_SIGNATURE_REGION_LENGTH__)?__USER_SIGNATURE_REGION_LENGTH__:0x400

.hash
 *(.hash)

.dynsym
 *(.dynsym)

.dynstr
 *(.dynstr)

.gnu.version
 *(.gnu.version)

.gnu.version_d
 *(.gnu.version_d)

.gnu.version_r
 *(.gnu.version_r)

.rel.init
 *(.rel.init)

.rela.init
 *(.rela.init)

.rel.text
 *(.rel.text)
 *(.rel.text.*)
 *(.rel.gnu.linkonce.t*)

.rela.text
 *(.rela.text)
 *(.rela.text.*)
 *(.rela.gnu.linkonce.t*)

.rel.fini
 *(.rel.fini)

.rela.fini
 *(.rela.fini)

.rel.rodata
 *(.rel.rodata)
 *(.rel.rodata.*)
 *(.rel.gnu.linkonce.r*)

.rela.rodata
 *(.rela.rodata)
 *(.rela.rodata.*)
 *(.rela.gnu.linkonce.r*)

.rel.data
 *(.rel.data)
 *(.rel.data.*)
 *(.rel.gnu.linkonce.d*)

.rela.data
 *(.rela.data)
 *(.rela.data.*)
 *(.rela.gnu.linkonce.d*)

.rel.ctors
 *(.rel.ctors)

.rela.ctors
 *(.rela.ctors)

.rel.dtors
 *(.rel.dtors)

.rela.dtors
 *(.rela.dtors)

.rel.got
 *(.rel.got)

.rela.got
 *(.rela.got)

.rel.bss
 *(.rel.bss)

.rela.bss
 *(.rela.bss)

.rel.plt
 *(.rel.plt)

.rela.plt
 *(.rela.plt)

.text           0x00000000      0xe7c
 *(.vectors)
 .vectors       0x00000000       0x54 E:/Program Files (x86)/Atmel/Studio/7.0/Packs/atmel/ATmega_DFP/1.7.374/gcc/dev/atmega32/avr5/crtatmega32.o
                0x00000000                __vector_default
                0x00000000                __vectors
 *(.vectors)
 *(.progmem.gcc*)
                0x00000054                . = ALIGN (0x2)
                0x00000054                __trampolines_start = .
 *(.trampolines)
 .trampolines   0x00000054        0x0 linker stubs
 *(.trampolines*)
                0x00000054                __trampolines_end = .
 *libprintf_flt.a:*(.progmem.data)
 *libc.a:*(.progmem.data)
 *(.progmem*)
                0x00000054                . = ALIGN (0x2)
 *(.jumptables)
 *(.jumptables*)
 *(.lowtext)
 *(.lowtext*)
                0x00000054                __ctors_start = .
 *(.ctors)
                0x00000054                __ctors_end = .
                0x00000054                __dtors_start = .
 *(.dtors)
                0x00000054                __dtors_end = .
 SORT(*)(.ctors)
 SORT(*)(.dtors)
 *(.init0)
 .init0         0x00000054        0x0 E:/Program Files (x86)/Atmel/Studio/7.0/Packs/atmel/ATmega_DFP/1.7.374/gcc/dev/atmega32/avr5/crtatmega32.o
                0x00000054                __init
 *(.init0)
 *(.init1)
 *(.init1)
 *(.init2)
 .init2         0x00000054        0xc E:/Program Files (x86)/Atmel/Studio/7.0/Packs/atmel/ATmega_DFP/1.7.374/gcc/dev/atmega32/avr5/crtatmega32.o
 *(.init2)
 *(.init3)
 *(.init3)
 *(.init4)
 .init4         0x00000060       0x16 e:/program files (x86)/atmel/studio/7.0/toolchain/avr8/avr8-gnu-toolchain/bin/../lib/gcc/avr/5.4.0/avr5\libgcc.a(_copy_data.o)
                0x00000060                __do_copy_data
 .init4         0x00000076       0x10 e:/program files (x86)/atmel/studio/7.0/toolchain/avr8/avr8-gnu-toolchain/bin/../lib/gcc/avr/5.4.0/avr5\libgcc.a(_clear_bss.o)
                0x00000076                __do_clear_bss
 *(.init4)
 *(.init5)
 *(.init5)
 *(.init6)
 *(.init6)
 *(.init7)
 *(.init7)
 *(.init8)
 *(.init8)
 *(.init9)
 .init9         0x00000086        0x8 E:/Program Files (x86)/Atmel/Studio/7.0/Packs/atmel/ATmega_DFP/1.7.374/gcc/dev/atmega32/avr5/crtatmega32.o
 *(.init9)
 *(.text)
 .text          0x0000008e        0x4 E:/Program Files (x86)/Atmel/Studio/7.0/Packs/atmel/ATmega_DFP/1.7.374/gcc/dev/atmega32/avr5/crtatmega32.o
                0x0000008e                __vector_12
                0x0000008e                __bad_interrupt
                0x0000008e                __vector_6
                0x0000008e                __vector_3
                0x0000008e                __vector_13
                0x0000008e                __vector_17
                0x0000008e                __vector_19
                0x0000008e                __vector_7
                0x0000008e                __vector_4
                0x0000008e                __vector_9
                0x0000008e                __vector_2
                0x0000008e                __vector_15
                0x0000008e                __vector_8
                0x0000008e                __vector_14
                0x0000008e                __vector_10
                0x0000008e                __vector_16
                0x0000008e                __vector_18
                0x0000008e                __vector_20
                0x00000092                . = ALIGN (0x2)
 *(.text.*)
 .text.ADC_Init
                0x00000092       0x26 ADC.o
                0x00000092                ADC_Init
 .text.ADC_Read
                0x000000b8       0x28 ADC.o
                0x000000b8                ADC_Read
 .text.Button_Init
                0x000000e0       0x1a Button.o
                0x000000e0                Button_Init
 .text.Button_getState
                0x000000fa        0x6 Button.o
                0x000000fa                Button_getState
 .text.Heater_SetMode
                0x00000100       0x18 Ceramic_Heater.o
                0x00000100                Heater_SetMode
 .text.Heater_Init
                0x00000118       0x10 Ceramic_Heater.o
                0x00000118                Heater_Init
 .text.DIO_WriteChannel
                0x00000128      0x104 DIO.o
                0x00000128                DIO_WriteChannel
 .text.DIO_ReadChannel
                0x0000022c       0x70 DIO.o
                0x0000022c                DIO_ReadChannel
 .text.DIO_ToggleChannel
                0x0000029c       0x82 DIO.o
                0x0000029c                DIO_ToggleChannel
 .text.DIO_ReadPort
                0x0000031e       0x24 DIO.o
                0x0000031e                DIO_ReadPort
 .text.DIO_WritePort
                0x00000342       0x20 DIO.o
                0x00000342                DIO_WritePort
 .text.DIO_ConfigureChannel
                0x00000362      0x104 DIO.o
                0x00000362                DIO_ConfigureChannel
 .text.DIO_Init
                0x00000466      0x14c DIO_Cfg.o
                0x00000466                DIO_Init
 .text.EEPROM_write
                0x000005b2       0x18 EEPROM.o
                0x000005b2                EEPROM_write
 .text.EEPROM_read
                0x000005ca       0x12 EEPROM.o
                0x000005ca                EEPROM_read
 .text.Ext_INT_Enable
                0x000005dc       0x22 EINT.o
                0x000005dc                Ext_INT_Enable
 .text.Ext_INT_SnControl
                0x000005fe       0x3e EINT.o
                0x000005fe                Ext_INT_SnControl
 .text.Ext_INT_SetCallBack
                0x0000063c        0xa EINT.o
                0x0000063c                Ext_INT_SetCallBack
 .text.__vector_1
                0x00000646       0x4e EINT.o
                0x00000646                __vector_1
 .text.GINT_Enable_AllInterrupts
                0x00000694        0x8 GINT.o
                0x00000694                GINT_Enable_AllInterrupts
 .text.LED_Init
                0x0000069c       0x1a LED.o
                0x0000069c                LED_Init
 .text.SetLED_ON
                0x000006b6        0x8 LED.o
                0x000006b6                SetLED_ON
 .text.SetLED_OFF
                0x000006be        0x8 LED.o
                0x000006be                SetLED_OFF
 .text.Flip_LED
                0x000006c6        0x6 LED.o
                0x000006c6                Flip_LED
 .text.LM35_Init
                0x000006cc        0x6 LM35.o
                0x000006cc                LM35_Init
 .text.LM35_Read
                0x000006d2       0x14 LM35.o
                0x000006d2                LM35_Read
 .text.main     0x000006e6        0xe main.o
                0x000006e6                main
 .text.Peltier_SetMode
                0x000006f4       0x18 Peltier.o
                0x000006f4                Peltier_SetMode
 .text.Peltier_Init
                0x0000070c       0x10 Peltier.o
                0x0000070c                Peltier_Init
 .text.Relay_Init
                0x0000071c       0x22 Relay.o
                0x0000071c                Relay_Init
 .text.Relay_switchON
                0x0000073e        0x8 Relay.o
                0x0000073e                Relay_switchON
 .text.Relay_switchOFF
                0x00000746        0x8 Relay.o
                0x00000746                Relay_switchOFF
 .text.SSD_Init
                0x0000074e       0x12 SSD.o
                0x0000074e                SSD_Init
 .text.SSD_WriteNum
                0x00000760       0x88 SSD.o
                0x00000760                SSD_WriteNum
 .text.Change_WaterHeater_State
                0x000007e8       0x32 StateMachine.o
                0x000007e8                Change_WaterHeater_State
 .text.SM_Init  0x0000081a       0x1c StateMachine.o
                0x0000081a                SM_Init
 .text.SM       0x00000836       0x1c StateMachine.o
                0x00000836                SM
 .text.Timer0_Start
                0x00000852       0xa8 Timer.o
                0x00000852                Timer0_Start
 .text.Timer0_Init
                0x000008fa       0x30 Timer.o
                0x000008fa                Timer0_Init
 .text.Timer0_Stop
                0x0000092a       0x14 Timer.o
                0x0000092a                Timer0_Stop
 .text.__vector_11
                0x0000093e       0x72 Timer.o
                0x0000093e                __vector_11
 .text.Timer0_SetCallBack
                0x000009b0        0xa Timer.o
                0x000009b0                Timer0_SetCallBack
 .text.Timer2_Start
                0x000009ba       0xa8 Timer.o
                0x000009ba                Timer2_Start
 .text.Timer2_Init
                0x00000a62       0x30 Timer.o
                0x00000a62                Timer2_Init
 .text.Timer2_Stop
                0x00000a92       0x14 Timer.o
                0x00000a92                Timer2_Stop
 .text.__vector_5
                0x00000aa6       0x72 Timer.o
                0x00000aa6                __vector_5
 .text.Timer2_SetCallBack
                0x00000b18        0xa Timer.o
                0x00000b18                Timer2_SetCallBack
 .text.Read_WaterTemperature
                0x00000b22       0xb6 WaterHeater_Control.o
                0x00000b22                Read_WaterTemperature
 .text.Blink_SetPointTemperature_and_HeaterLED
                0x00000bd8       0x6e WaterHeater_Control.o
                0x00000bd8                Blink_SetPointTemperature_and_HeaterLED
 .text.WaterHeater_Control_Init
                0x00000c46       0x6c WaterHeater_Control.o
                0x00000c46                WaterHeater_Control_Init
 .text.WaterHeater_Control
                0x00000cb2      0x194 WaterHeater_Control.o
                0x00000cb2                WaterHeater_Control
 .text.Stop_WaterHeater_Operation
                0x00000e46       0x14 WaterHeater_Control.o
                0x00000e46                Stop_WaterHeater_Operation
 .text.libgcc.mul
                0x00000e5a       0x1e e:/program files (x86)/atmel/studio/7.0/toolchain/avr8/avr8-gnu-toolchain/bin/../lib/gcc/avr/5.4.0/avr5\libgcc.a(_umulhisi3.o)
                0x00000e5a                __umulhisi3
                0x00000e78                . = ALIGN (0x2)
 *(.fini9)
 .fini9         0x00000e78        0x0 e:/program files (x86)/atmel/studio/7.0/toolchain/avr8/avr8-gnu-toolchain/bin/../lib/gcc/avr/5.4.0/avr5\libgcc.a(_exit.o)
                0x00000e78                _exit
                0x00000e78                exit
 *(.fini9)
 *(.fini8)
 *(.fini8)
 *(.fini7)
 *(.fini7)
 *(.fini6)
 *(.fini6)
 *(.fini5)
 *(.fini5)
 *(.fini4)
 *(.fini4)
 *(.fini3)
 *(.fini3)
 *(.fini2)
 *(.fini2)
 *(.fini1)
 *(.fini1)
 *(.fini0)
 .fini0         0x00000e78        0x4 e:/program files (x86)/atmel/studio/7.0/toolchain/avr8/avr8-gnu-toolchain/bin/../lib/gcc/avr/5.4.0/avr5\libgcc.a(_exit.o)
 *(.fini0)
                0x00000e7c                _etext = .

.data           0x00800060       0x42 load address 0x00000e7c
                0x00800060                PROVIDE (__data_start, .)
 *(.data)
 *(.data*)
 .data.PinCfg   0x00800060       0x40 DIO_Cfg.o
                0x00800060                PinCfg
 .data.Display_Flag
                0x008000a0        0x1 WaterHeater_Control.o
 .data.StartLEDTimer_Flag
                0x008000a1        0x1 WaterHeater_Control.o
 *(.gnu.linkonce.d*)
 *(.rodata)
 *(.rodata*)
 *(.gnu.linkonce.r*)
                0x008000a2                . = ALIGN (0x2)
                0x008000a2                _edata = .
                0x008000a2                PROVIDE (__data_end, .)

.bss            0x008000a2       0x1a
                0x008000a2                PROVIDE (__bss_start, .)
 *(.bss)
 *(.bss*)
 .bss.ExtINT_CallBack_Ptr
                0x008000a2        0x2 EINT.o
 .bss.ButtonState_Flag
                0x008000a4        0x1 StateMachine.o
 .bss.state     0x008000a5        0x1 StateMachine.o
 .bss.ovfCounter.1696
                0x008000a6        0x2 Timer.o
 .bss.ovfCounter.1665
                0x008000a8        0x2 Timer.o
 .bss.Timer2_CallBack_Ptr
                0x008000aa        0x2 Timer.o
 .bss.Timer0_CallBack_Ptr
                0x008000ac        0x2 Timer.o
 .bss.Temp_Sum.1976
                0x008000ae        0x2 WaterHeater_Control.o
 .bss.prevTemp.1975
                0x008000b0        0x1 WaterHeater_Control.o
 .bss.TempReadings_Counter.1977
                0x008000b1        0x1 WaterHeater_Control.o
 .bss.ButtonDebouncing_Flag.1962
                0x008000b2        0x1 WaterHeater_Control.o
 .bss.TempDisplay_Flag
                0x008000b3        0x1 WaterHeater_Control.o
 .bss.SSD_Blink_Flag
                0x008000b4        0x1 WaterHeater_Control.o
 .bss.LED_Blink_Flag
                0x008000b5        0x1 WaterHeater_Control.o
 .bss.StartSSDTimer_Flag
                0x008000b6        0x1 WaterHeater_Control.o
 .bss.ButtonsReleased_Counter
                0x008000b7        0x1 WaterHeater_Control.o
 .bss.Setpoint  0x008000b8        0x1 WaterHeater_Control.o
 .bss.TempReadings_Avg
                0x008000b9        0x1 WaterHeater_Control.o
 .bss.Temperature
                0x008000ba        0x1 WaterHeater_Control.o
 .bss.WaterHeater_mode
                0x008000bb        0x1 WaterHeater_Control.o
 *(COMMON)
                0x008000bc                PROVIDE (__bss_end, .)
                0x00000e7c                __data_load_start = LOADADDR (.data)
                0x00000ebe                __data_load_end = (__data_load_start + SIZEOF (.data))

.noinit         0x008000bc        0x0
                [!provide]                PROVIDE (__noinit_start, .)
 *(.noinit*)
                [!provide]                PROVIDE (__noinit_end, .)
                0x008000bc                _end = .
                [!provide]                PROVIDE (__heap_start, .)

.eeprom         0x00810000        0x0
 *(.eeprom*)
                0x00810000                __eeprom_end = .

.fuse
 *(.fuse)
 *(.lfuse)
 *(.hfuse)
 *(.efuse)

.lock
 *(.lock*)

.signature
 *(.signature*)

.user_signatures
 *(.user_signatures*)

.stab
 *(.stab)

.stabstr
 *(.stabstr)

.stab.excl
 *(.stab.excl)

.stab.exclstr
 *(.stab.exclstr)

.stab.index
 *(.stab.index)

.stab.indexstr
 *(.stab.indexstr)

.comment        0x00000000       0x30
 *(.comment)
 .comment       0x00000000       0x30 ADC.o
                                 0x31 (size before relaxing)
 .comment       0x00000030       0x31 Button.o
 .comment       0x00000030       0x31 Ceramic_Heater.o
 .comment       0x00000030       0x31 DIO.o
 .comment       0x00000030       0x31 DIO_Cfg.o
 .comment       0x00000030       0x31 EEPROM.o
 .comment       0x00000030       0x31 EINT.o
 .comment       0x00000030       0x31 GINT.o
 .comment       0x00000030       0x31 LED.o
 .comment       0x00000030       0x31 LM35.o
 .comment       0x00000030       0x31 main.o
 .comment       0x00000030       0x31 Peltier.o
 .comment       0x00000030       0x31 Relay.o
 .comment       0x00000030       0x31 SSD.o
 .comment       0x00000030       0x31 StateMachine.o
 .comment       0x00000030       0x31 Timer.o
 .comment       0x00000030       0x31 WaterHeater_Control.o

.note.gnu.avr.deviceinfo
                0x00000000       0x3c
 .note.gnu.avr.deviceinfo
                0x00000000       0x3c E:/Program Files (x86)/Atmel/Studio/7.0/Packs/atmel/ATmega_DFP/1.7.374/gcc/dev/atmega32/avr5/crtatmega32.o

.note.gnu.build-id
 *(.note.gnu.build-id)

.debug
 *(.debug)

.line
 *(.line)

.debug_srcinfo
 *(.debug_srcinfo)

.debug_sfnames
 *(.debug_sfnames)

.debug_aranges  0x00000000      0x388
 *(.debug_aranges)
 .debug_aranges
                0x00000000       0x28 ADC.o
 .debug_aranges
                0x00000028       0x28 Button.o
 .debug_aranges
                0x00000050       0x28 Ceramic_Heater.o
 .debug_aranges
                0x00000078       0x48 DIO.o
 .debug_aranges
                0x000000c0       0x20 DIO_Cfg.o
 .debug_aranges
                0x000000e0       0x28 EEPROM.o
 .debug_aranges
                0x00000108       0x40 EINT.o
 .debug_aranges
                0x00000148       0x28 GINT.o
 .debug_aranges
                0x00000170       0x38 LED.o
 .debug_aranges
                0x000001a8       0x28 LM35.o
 .debug_aranges
                0x000001d0       0x20 main.o
 .debug_aranges
                0x000001f0       0x28 Peltier.o
 .debug_aranges
                0x00000218       0x30 Relay.o
 .debug_aranges
                0x00000248       0x28 SSD.o
 .debug_aranges
                0x00000270       0x30 StateMachine.o
 .debug_aranges
                0x000002a0       0xa8 Timer.o
 .debug_aranges
                0x00000348       0x40 WaterHeater_Control.o

.debug_pubnames
 *(.debug_pubnames)

.debug_info     0x00000000     0x2ee2
 *(.debug_info .gnu.linkonce.wi.*)
 .debug_info    0x00000000      0x4e6 E:/Program Files (x86)/Atmel/Studio/7.0/Packs/atmel/ATmega_DFP/1.7.374/gcc/dev/atmega32/avr5/crtatmega32.o
 .debug_info    0x000004e6       0xf3 ADC.o
 .debug_info    0x000005d9      0x209 Button.o
 .debug_info    0x000007e2      0x20b Ceramic_Heater.o
 .debug_info    0x000009ed      0x358 DIO.o
 .debug_info    0x00000d45      0x242 DIO_Cfg.o
 .debug_info    0x00000f87       0xbd EEPROM.o
 .debug_info    0x00001044      0x194 EINT.o
 .debug_info    0x000011d8       0x7b GINT.o
 .debug_info    0x00001253      0x291 LED.o
 .debug_info    0x000014e4      0x125 LM35.o
 .debug_info    0x00001609       0xd7 main.o
 .debug_info    0x000016e0      0x20b Peltier.o
 .debug_info    0x000018eb      0x261 Relay.o
 .debug_info    0x00001b4c      0x3ff SSD.o
 .debug_info    0x00001f4b      0x357 StateMachine.o
 .debug_info    0x000022a2      0x3c2 Timer.o
 .debug_info    0x00002664      0x87e WaterHeater_Control.o

.debug_abbrev   0x00000000     0x11dc
 *(.debug_abbrev)
 .debug_abbrev  0x00000000      0x4a3 E:/Program Files (x86)/Atmel/Studio/7.0/Packs/atmel/ATmega_DFP/1.7.374/gcc/dev/atmega32/avr5/crtatmega32.o
 .debug_abbrev  0x000004a3       0x96 ADC.o
 .debug_abbrev  0x00000539       0xd0 Button.o
 .debug_abbrev  0x00000609       0xa5 Ceramic_Heater.o
 .debug_abbrev  0x000006ae       0xd0 DIO.o
 .debug_abbrev  0x0000077e       0xae DIO_Cfg.o
 .debug_abbrev  0x0000082c       0x80 EEPROM.o
 .debug_abbrev  0x000008ac       0xb5 EINT.o
 .debug_abbrev  0x00000961       0x44 GINT.o
 .debug_abbrev  0x000009a5       0xa5 LED.o
 .debug_abbrev  0x00000a4a       0xce LM35.o
 .debug_abbrev  0x00000b18       0x7a main.o
 .debug_abbrev  0x00000b92       0xa5 Peltier.o
 .debug_abbrev  0x00000c37       0xa5 Relay.o
 .debug_abbrev  0x00000cdc      0x15f SSD.o
 .debug_abbrev  0x00000e3b       0xd5 StateMachine.o
 .debug_abbrev  0x00000f10      0x1c7 Timer.o
 .debug_abbrev  0x000010d7      0x105 WaterHeater_Control.o

.debug_line     0x00000000     0x16a4
 *(.debug_line .debug_line.* .debug_line_end)
 .debug_line    0x00000000      0x116 E:/Program Files (x86)/Atmel/Studio/7.0/Packs/atmel/ATmega_DFP/1.7.374/gcc/dev/atmega32/avr5/crtatmega32.o
 .debug_line    0x00000116       0xb6 ADC.o
 .debug_line    0x000001cc       0x90 Button.o
 .debug_line    0x0000025c       0xae Ceramic_Heater.o
 .debug_line    0x0000030a      0x25a DIO.o
 .debug_line    0x00000564       0xe3 DIO_Cfg.o
 .debug_line    0x00000647       0xaa EEPROM.o
 .debug_line    0x000006f1      0x12a EINT.o
 .debug_line    0x0000081b       0x64 GINT.o
 .debug_line    0x0000087f       0xb3 LED.o
 .debug_line    0x00000932       0x80 LM35.o
 .debug_line    0x000009b2       0x7a main.o
 .debug_line    0x00000a2c       0xa0 Peltier.o
 .debug_line    0x00000acc       0xa5 Relay.o
 .debug_line    0x00000b71      0x1e9 SSD.o
 .debug_line    0x00000d5a      0x146 StateMachine.o
 .debug_line    0x00000ea0      0x3f8 Timer.o
 .debug_line    0x00001298      0x40c WaterHeater_Control.o

.debug_frame    0x00000000      0x634
 *(.debug_frame)
 .debug_frame   0x00000000       0x34 ADC.o
 .debug_frame   0x00000034       0x34 Button.o
 .debug_frame   0x00000068       0x34 Ceramic_Heater.o
 .debug_frame   0x0000009c       0x74 DIO.o
 .debug_frame   0x00000110       0x24 DIO_Cfg.o
 .debug_frame   0x00000134       0x34 EEPROM.o
 .debug_frame   0x00000168       0xac EINT.o
 .debug_frame   0x00000214       0x34 GINT.o
 .debug_frame   0x00000248       0x54 LED.o
 .debug_frame   0x0000029c       0x34 LM35.o
 .debug_frame   0x000002d0       0x24 main.o
 .debug_frame   0x000002f4       0x34 Peltier.o
 .debug_frame   0x00000328       0x44 Relay.o
 .debug_frame   0x0000036c       0x44 SSD.o
 .debug_frame   0x000003b0       0x44 StateMachine.o
 .debug_frame   0x000003f4      0x1d4 Timer.o
 .debug_frame   0x000005c8       0x6c WaterHeater_Control.o

.debug_str      0x00000000      0xeb6
 *(.debug_str)
 .debug_str     0x00000000      0x196 E:/Program Files (x86)/Atmel/Studio/7.0/Packs/atmel/ATmega_DFP/1.7.374/gcc/dev/atmega32/avr5/crtatmega32.o
 .debug_str     0x00000196      0x1bf ADC.o
                                0x1ca (size before relaxing)
 .debug_str     0x00000355      0x241 Button.o
                                0x361 (size before relaxing)
 .debug_str     0x00000596       0x90 Ceramic_Heater.o
                                0x39c (size before relaxing)
 .debug_str     0x00000626       0xd9 DIO.o
                                0x410 (size before relaxing)
 .debug_str     0x000006ff       0x39 DIO_Cfg.o
                                0x3af (size before relaxing)
 .debug_str     0x00000738       0x3f EEPROM.o
                                0x15f (size before relaxing)
 .debug_str     0x00000777       0xdf EINT.o
                                0x204 (size before relaxing)
 .debug_str     0x00000856       0x41 GINT.o
                                0x161 (size before relaxing)
 .debug_str     0x00000897       0x32 LED.o
                                0x37c (size before relaxing)
 .debug_str     0x000008c9       0x20 LM35.o
                                0x1d9 (size before relaxing)
 .debug_str     0x000008e9       0x57 main.o
                                0x1a5 (size before relaxing)
 .debug_str     0x00000940       0x81 Peltier.o
                                0x39c (size before relaxing)
 .debug_str     0x000009c1       0x20 Relay.o
                                0x36d (size before relaxing)
 .debug_str     0x000009e1       0x83 SSD.o
                                0x463 (size before relaxing)
 .debug_str     0x00000a64      0x104 StateMachine.o
                                0x4da (size before relaxing)
 .debug_str     0x00000b68      0x19b Timer.o
                                0x362 (size before relaxing)
 .debug_str     0x00000d03      0x1b3 WaterHeater_Control.o
                                0x80d (size before relaxing)

.debug_loc      0x00000000     0x12c5
 *(.debug_loc)
 .debug_loc     0x00000000       0x58 ADC.o
 .debug_loc     0x00000058       0x40 Button.o
 .debug_loc     0x00000098       0x3a Ceramic_Heater.o
 .debug_loc     0x000000d2      0x674 DIO.o
 .debug_loc     0x00000746      0x167 DIO_Cfg.o
 .debug_loc     0x000008ad       0x4c EEPROM.o
 .debug_loc     0x000008f9      0x222 EINT.o
 .debug_loc     0x00000b1b       0x63 LED.o
 .debug_loc     0x00000b7e       0x54 LM35.o
 .debug_loc     0x00000bd2       0x3a Peltier.o
 .debug_loc     0x00000c0c       0x42 Relay.o
 .debug_loc     0x00000c4e      0x17f SSD.o
 .debug_loc     0x00000dcd      0x424 Timer.o
 .debug_loc     0x000011f1       0xd4 WaterHeater_Control.o

.debug_macinfo
 *(.debug_macinfo)

.debug_weaknames
 *(.debug_weaknames)

.debug_funcnames
 *(.debug_funcnames)

.debug_typenames
 *(.debug_typenames)

.debug_varnames
 *(.debug_varnames)

.debug_pubtypes
 *(.debug_pubtypes)

.debug_ranges   0x00000000      0x278
 *(.debug_ranges)
 .debug_ranges  0x00000000       0x18 ADC.o
 .debug_ranges  0x00000018       0x18 Button.o
 .debug_ranges  0x00000030       0x18 Ceramic_Heater.o
 .debug_ranges  0x00000048       0x38 DIO.o
 .debug_ranges  0x00000080       0x10 DIO_Cfg.o
 .debug_ranges  0x00000090       0x18 EEPROM.o
 .debug_ranges  0x000000a8       0x30 EINT.o
 .debug_ranges  0x000000d8       0x18 GINT.o
 .debug_ranges  0x000000f0       0x28 LED.o
 .debug_ranges  0x00000118       0x18 LM35.o
 .debug_ranges  0x00000130       0x10 main.o
 .debug_ranges  0x00000140       0x18 Peltier.o
 .debug_ranges  0x00000158       0x20 Relay.o
 .debug_ranges  0x00000178       0x18 SSD.o
 .debug_ranges  0x00000190       0x20 StateMachine.o
 .debug_ranges  0x000001b0       0x98 Timer.o
 .debug_ranges  0x00000248       0x30 WaterHeater_Control.o

.debug_macro
 *(.debug_macro)
OUTPUT(heater.elf elf32-avr)
LOAD linker stubs
